// Jest Snapshot v1, https://goo.gl/fbAQLP

exports[`Testing ProblemList component Fetches problems 1`] = `
Array [
  Object {
    "problems": Object {
      "A Sl채bi": Object {
        "problems": Array [
          Object {
            "added": "2018-12-27 14:03:16",
            "addedformatted": "27.12.2018",
            "addedrelative": "2 weeks ago",
            "addt": "",
            "attr_bodytension": "0",
            "attr_complex": "1",
            "attr_compression": "0",
            "attr_coordination": "0",
            "attr_crimpers": "0",
            "attr_dyno": "0",
            "attr_endurance": "0",
            "attr_fingery": "0",
            "attr_hooks": "0",
            "attr_jugs": "0",
            "attr_mantle": "1",
            "attr_pinches": "0",
            "attr_pockets": "0",
            "attr_powerful": "1",
            "attr_sensitive": "0",
            "attr_slopers": "0",
            "attr_technical": "0",
            "attr_volumes": "0",
            "australian": "24",
            "author": "Tuukka",
            "c_dangerous": "0",
            "c_dirty": "0",
            "c_dislike": "0",
            "c_like": "0",
            "c_love": "0",
            "chartcolor": "#B370CF",
            "code": "#000",
            "color133": "black",
            "colour": "Black",
            "colourcode": "#000",
            "colourid": "10",
            "crag_route_id": null,
            "enddefinition": "Last hold",
            "ext_id": null,
            "font": "7a",
            "gradeid": "11",
            "gradename": "7A",
            "gymid": "132",
            "hidedate": null,
            "htmlcode": "#000",
            "id": "10",
            "lastWall": "Sl채bi",
            "name": "Black",
            "problemid": "47428",
            "routetype": "boulder",
            "score": "700",
            "slider_complexity": "0",
            "slider_intensity": "0",
            "slider_risk": "0",
            "soontoberemoved": "0",
            "sort": null,
            "south_africa": null,
            "stars": null,
            "startdefinition": "One hold",
            "tag": "BKE2018A034",
            "tagshort": "A034",
            "tapecolour": "#FF0000",
            "textcolor": "#fff",
            "tick": null,
            "uiaa": "VIII",
            "visible": "1",
            "vscale": "V6",
            "wallchar": "A",
            "walldesc": "Sl채bi",
            "wallid": "770",
            "yds": "5.11d",
          },
        ],
        "soontoberemoved": "0",
        "wallchar": "A",
        "wallname": "Sl채bi",
      },
      "B Suora": Object {
        "problems": Array [
          Object {
            "added": "2018-12-27 14:04:03",
            "addedformatted": "27.12.2018",
            "addedrelative": "2 weeks ago",
            "addt": "",
            "attr_bodytension": "0",
            "attr_complex": "1",
            "attr_compression": "0",
            "attr_coordination": "0",
            "attr_crimpers": "0",
            "attr_dyno": "0",
            "attr_endurance": "0",
            "attr_fingery": "0",
            "attr_hooks": "0",
            "attr_jugs": "0",
            "attr_mantle": "0",
            "attr_pinches": "1",
            "attr_pockets": "0",
            "attr_powerful": "0",
            "attr_sensitive": "1",
            "attr_slopers": "0",
            "attr_technical": "1",
            "attr_volumes": "0",
            "australian": "21",
            "author": "Tuukka",
            "c_dangerous": "0",
            "c_dirty": "0",
            "c_dislike": "0",
            "c_like": "0",
            "c_love": "0",
            "chartcolor": "#26B99A",
            "code": "#40E0D0",
            "color133": null,
            "colour": "Turquoise",
            "colourcode": "#40E0D0",
            "colourid": "38",
            "crag_route_id": null,
            "enddefinition": "Last hold",
            "ext_id": null,
            "font": "6b+",
            "gradeid": "8",
            "gradename": "6B+",
            "gymid": "132",
            "hidedate": null,
            "htmlcode": "#40E0D0",
            "id": "38",
            "lastWall": "Suora",
            "name": "Turquoise",
            "problemid": "47429",
            "routetype": "boulder",
            "score": "550",
            "slider_complexity": "0",
            "slider_intensity": "0",
            "slider_risk": "0",
            "soontoberemoved": "0",
            "sort": null,
            "south_africa": null,
            "stars": null,
            "startdefinition": "Two holds",
            "tag": "BKE2018B034",
            "tagshort": "B034",
            "tapecolour": "#FFFF00",
            "textcolor": "#000",
            "tick": null,
            "uiaa": "VII",
            "visible": "1",
            "vscale": "V4",
            "wallchar": "B",
            "walldesc": "Suora",
            "wallid": "712",
            "yds": "5.11a",
          },
          Object {
            "added": "2018-12-27 14:04:41",
            "addedformatted": "27.12.2018",
            "addedrelative": "2 weeks ago",
            "addt": "",
            "attr_bodytension": "1",
            "attr_complex": "0",
            "attr_compression": "0",
            "attr_coordination": "0",
            "attr_crimpers": "0",
            "attr_dyno": "0",
            "attr_endurance": "0",
            "attr_fingery": "0",
            "attr_hooks": "0",
            "attr_jugs": "0",
            "attr_mantle": "1",
            "attr_pinches": "0",
            "attr_pockets": "0",
            "attr_powerful": "0",
            "attr_sensitive": "1",
            "attr_slopers": "1",
            "attr_technical": "1",
            "attr_volumes": "0",
            "australian": "19",
            "author": "Tuukka",
            "c_dangerous": "0",
            "c_dirty": "0",
            "c_dislike": "0",
            "c_like": "0",
            "c_love": "0",
            "chartcolor": "#BDC3C7",
            "code": "#FF0000",
            "color133": "blue",
            "colour": "Red",
            "colourcode": "#FF0000",
            "colourid": "8",
            "crag_route_id": null,
            "enddefinition": "Last hold",
            "ext_id": null,
            "font": "6a",
            "gradeid": "5",
            "gradename": "6A",
            "gymid": "132",
            "hidedate": null,
            "htmlcode": "#FF0000",
            "id": "8",
            "name": "Red",
            "problemid": "47430",
            "routetype": "boulder",
            "score": "400",
            "slider_complexity": "0",
            "slider_intensity": "0",
            "slider_risk": "0",
            "soontoberemoved": "0",
            "sort": null,
            "south_africa": null,
            "stars": null,
            "startdefinition": "One hold",
            "tag": "BKE2018B035",
            "tagshort": "B035",
            "tapecolour": "#FFFF00",
            "textcolor": "#000",
            "tick": null,
            "uiaa": "VI+",
            "visible": "1",
            "vscale": "V3",
            "wallchar": "B",
            "walldesc": "Suora",
            "wallid": "712",
            "yds": "5.10a",
          },
          Object {
            "added": "2018-12-27 14:31:26",
            "addedformatted": "27.12.2018",
            "addedrelative": "2 weeks ago",
            "addt": "",
            "attr_bodytension": "1",
            "attr_complex": "0",
            "attr_compression": "0",
            "attr_coordination": "1",
            "attr_crimpers": "0",
            "attr_dyno": "0",
            "attr_endurance": "0",
            "attr_fingery": "0",
            "attr_hooks": "0",
            "attr_jugs": "0",
            "attr_mantle": "0",
            "attr_pinches": "0",
            "attr_pockets": "0",
            "attr_powerful": "1",
            "attr_sensitive": "1",
            "attr_slopers": "0",
            "attr_technical": "1",
            "attr_volumes": "0",
            "australian": "25",
            "author": "Tuukka",
            "c_dangerous": "0",
            "c_dirty": "0",
            "c_dislike": "0",
            "c_like": "0",
            "c_love": "0",
            "chartcolor": "#34495E",
            "code": "#FDD017",
            "color133": null,
            "colour": "Yellow",
            "colourcode": "#FDD017",
            "colourid": "4",
            "crag_route_id": null,
            "enddefinition": "Last hold",
            "ext_id": null,
            "font": "7a+",
            "gradeid": "12",
            "gradename": "7A+",
            "gymid": "132",
            "hidedate": null,
            "htmlcode": "#FDD017",
            "id": "4",
            "name": "Yellow",
            "problemid": "47431",
            "routetype": "boulder",
            "score": "750",
            "slider_complexity": "0",
            "slider_intensity": "0",
            "slider_risk": "0",
            "soontoberemoved": "0",
            "sort": null,
            "south_africa": null,
            "stars": null,
            "startdefinition": "Two holds",
            "tag": "BKE2018B036",
            "tagshort": "B036",
            "tapecolour": "#FF0000",
            "textcolor": "#000",
            "tick": null,
            "uiaa": "VIII+",
            "visible": "1",
            "vscale": "V7",
            "wallchar": "B",
            "walldesc": "Suora",
            "wallid": "712",
            "yds": "5.12a",
          },
          Object {
            "added": "2018-12-27 14:43:35",
            "addedformatted": "27.12.2018",
            "addedrelative": "2 weeks ago",
            "addt": "",
            "attr_bodytension": "1",
            "attr_complex": "0",
            "attr_compression": "1",
            "attr_coordination": "1",
            "attr_crimpers": "0",
            "attr_dyno": "0",
            "attr_endurance": "0",
            "attr_fingery": "0",
            "attr_hooks": "0",
            "attr_jugs": "0",
            "attr_mantle": "0",
            "attr_pinches": "0",
            "attr_pockets": "0",
            "attr_powerful": "0",
            "attr_sensitive": "0",
            "attr_slopers": "1",
            "attr_technical": "0",
            "attr_volumes": "1",
            "australian": "22",
            "author": "Antero",
            "c_dangerous": "0",
            "c_dirty": "0",
            "c_dislike": "0",
            "c_like": "1",
            "c_love": "0",
            "chartcolor": "#3498DB",
            "code": "#FF6600",
            "color133": "red",
            "colour": "Orange",
            "colourcode": "#FF6600",
            "colourid": "5",
            "crag_route_id": null,
            "enddefinition": "Last hold",
            "ext_id": null,
            "font": "6c",
            "gradeid": "9",
            "gradename": "6C",
            "gymid": "132",
            "hidedate": null,
            "htmlcode": "#FF6600",
            "id": "5",
            "name": "Orange",
            "problemid": "47433",
            "routetype": "boulder",
            "score": "600",
            "slider_complexity": "0",
            "slider_intensity": "0",
            "slider_risk": "0",
            "soontoberemoved": "0",
            "sort": null,
            "south_africa": null,
            "stars": null,
            "startdefinition": "One hold",
            "tag": "BKE2018B037",
            "tagshort": "B037",
            "tapecolour": "#FFFF00",
            "textcolor": "#000",
            "tick": null,
            "uiaa": "VII+",
            "visible": "1",
            "vscale": "V5",
            "wallchar": "B",
            "walldesc": "Suora",
            "wallid": "712",
            "yds": "5.11b",
          },
        ],
        "soontoberemoved": "0",
        "wallchar": "B",
        "wallname": "Suora",
      },
      "C Kaarikulma": Object {
        "problems": Array [
          Object {
            "added": "2018-12-27 14:45:36",
            "addedformatted": "27.12.2018",
            "addedrelative": "2 weeks ago",
            "addt": "",
            "attr_bodytension": "1",
            "attr_complex": "0",
            "attr_compression": "1",
            "attr_coordination": "0",
            "attr_crimpers": "0",
            "attr_dyno": "0",
            "attr_endurance": "0",
            "attr_fingery": "0",
            "attr_hooks": "0",
            "attr_jugs": "0",
            "attr_mantle": "0",
            "attr_pinches": "0",
            "attr_pockets": "0",
            "attr_powerful": "1",
            "attr_sensitive": "0",
            "attr_slopers": "1",
            "attr_technical": "0",
            "attr_volumes": "1",
            "australian": "20",
            "author": "Antero",
            "c_dangerous": "0",
            "c_dirty": "0",
            "c_dislike": "0",
            "c_like": "0",
            "c_love": "0",
            "chartcolor": "#9B59B6",
            "code": "#00FF00",
            "color133": null,
            "colour": "Neon green",
            "colourcode": "#00FF00",
            "colourid": "33",
            "crag_route_id": null,
            "enddefinition": "Last hold",
            "ext_id": null,
            "font": "6a+",
            "gradeid": "6",
            "gradename": "6A+",
            "gymid": "132",
            "hidedate": null,
            "htmlcode": "#00FF00",
            "id": "33",
            "lastWall": "Kaarikulma",
            "name": "Neon green",
            "problemid": "47435",
            "routetype": "boulder",
            "score": "450",
            "slider_complexity": "0",
            "slider_intensity": "0",
            "slider_risk": "0",
            "soontoberemoved": "0",
            "sort": null,
            "south_africa": null,
            "stars": null,
            "startdefinition": "Two holds",
            "tag": "BKE2018C033",
            "tagshort": "C033",
            "tapecolour": "#FFFF00",
            "textcolor": "#000",
            "tick": null,
            "uiaa": "VII-",
            "visible": "1",
            "vscale": "V3",
            "wallchar": "C",
            "walldesc": "Kaarikulma",
            "wallid": "713",
            "yds": "5.10c",
          },
          Object {
            "added": "2018-12-27 15:07:29",
            "addedformatted": "27.12.2018",
            "addedrelative": "2 weeks ago",
            "addt": "",
            "attr_bodytension": "1",
            "attr_complex": "0",
            "attr_compression": "1",
            "attr_coordination": "0",
            "attr_crimpers": "0",
            "attr_dyno": "0",
            "attr_endurance": "0",
            "attr_fingery": "0",
            "attr_hooks": "0",
            "attr_jugs": "0",
            "attr_mantle": "0",
            "attr_pinches": "0",
            "attr_pockets": "0",
            "attr_powerful": "1",
            "attr_sensitive": "0",
            "attr_slopers": "1",
            "attr_technical": "0",
            "attr_volumes": "0",
            "australian": "20/21",
            "author": "Antero",
            "c_dangerous": "0",
            "c_dirty": "0",
            "c_dislike": "0",
            "c_like": "0",
            "c_love": "0",
            "chartcolor": "#455C73",
            "code": "#FF0066",
            "color133": null,
            "colour": "Pink",
            "colourcode": "#FF0066",
            "colourid": "6",
            "crag_route_id": null,
            "enddefinition": "Last hold",
            "ext_id": null,
            "font": "6b",
            "gradeid": "7",
            "gradename": "6B",
            "gymid": "132",
            "hidedate": null,
            "htmlcode": "#FF0066",
            "id": "6",
            "name": "Pink",
            "problemid": "47436",
            "routetype": "boulder",
            "score": "500",
            "slider_complexity": "0",
            "slider_intensity": "0",
            "slider_risk": "0",
            "soontoberemoved": "0",
            "sort": null,
            "south_africa": null,
            "stars": null,
            "startdefinition": "One hold",
            "tag": "BKE2018C034",
            "tagshort": "C034",
            "tapecolour": "#FFFF00",
            "textcolor": "#000",
            "tick": null,
            "uiaa": "VII",
            "visible": "1",
            "vscale": "V4",
            "wallchar": "C",
            "walldesc": "Kaarikulma",
            "wallid": "713",
            "yds": "5.10d",
          },
        ],
        "soontoberemoved": "0",
        "wallchar": "C",
        "wallname": "Kaarikulma",
      },
    },
    "type": "SET_PROBLEMS",
  },
]
`;

exports[`Testing ProblemList component renders as expected 1`] = `
<ContextConsumer>
  <Component />
</ContextConsumer>
`;
