// Jest Snapshot v1, https://goo.gl/fbAQLP

exports[`ProblemDetails component tests should correctly render ProblemDetails component 1`] = `
<ContextConsumer>
  <Component />
</ContextConsumer>
`;
